<?xml version="1.0" encoding="UTF-8"?>
<testsuites name="Mocha Tests" time="32.0960" tests="1" failures="1">
  <testsuite name="Root Suite" timestamp="2021-11-09T05:41:41" tests="0" time="0.0000" failures="0">
  </testsuite>
  <testsuite name="Prueba de Login" timestamp="2021-11-09T05:41:41" tests="1" file="C:\GIT\GPDS\sele\test.js" time="32.0930" failures="1">
    <testcase name="Prueba de Login Prueba de ingreso correcto" time="32.0850" classname="Prueba de ingreso correcto">
      <failure message="ECONNREFUSED connect ECONNREFUSED 127.0.0.1:60453" type="Error"><![CDATA[Error: ECONNREFUSED connect ECONNREFUSED 127.0.0.1:60453
    at ClientRequest.<anonymous> (node_modules\selenium-webdriver\http\index.js:295:15)
    at ClientRequest.emit (node:events:390:28)
    at Socket.socketErrorListener (node:_http_client:447:9)
    at Socket.emit (node:events:390:28)
    at emitErrorNT (node:internal/streams/destroy:157:8)
    at emitErrorCloseNT (node:internal/streams/destroy:122:3)
    at processTicksAndRejections (node:internal/process/task_queues:83:21)]]></failure>
    </testcase>
  </testsuite>
</testsuites>